✔ a complete gated draft passes while research and registration remain blocked (9.905333ms)
✔ planned P0 can be researched later but UNKNOWN never becomes effective launch (6.908421ms)
✔ verified source bookkeeping requires a real response and fresh factual evidence (6.494594ms)
✔ duplicate proposal identity (5.532339ms)
✔ duplicate product slug (4.525376ms)
✔ duplicate market and ticker (7.842814ms)
✔ uncontracted asset class (4.52885ms)
✔ empty product identity hint (4.081694ms)
✔ invalid planned launch wave (4.569593ms)
✔ market linked product (4.320937ms)
✔ fake operator approval (4.934935ms)
✔ unreviewed brand clearance (5.834135ms)
✔ invented partnership claim (4.634761ms)
✔ unproven live catalog (4.989017ms)
✔ fabricated new database UUID (7.270819ms)
✔ candidate without a source (4.530513ms)
✔ verified identity without factual evidence (4.776756ms)
✔ UNKNOWN P0 effective candidate (6.777422ms)
✔ UNKNOWN P1 effective candidate (4.771878ms)
✔ SpaceX hint promoted to canonical ticker without checking (4.232222ms)
✔ unmeasured scoring sold as measurement (5.742737ms)
✔ ETF category contract omitted (4.319574ms)
✔ official source URL with credentials (4.223699ms)
✔ blocked source falsely verified (4.679178ms)
✔ stale fetched source cannot verify current listing (4.93216ms)
✔ future accessed date cannot verify source (5.187037ms)
✔ research completed without a verified response (5.81083ms)
✔ response hash invented without an obtained file (6.519442ms)
✔ launch missing a product entry (2.899937ms)
✔ duplicate display order (4.565056ms)
✔ unproven launch approval (5.785461ms)
✔ new product without Scene spec gate (5.206236ms)
✔ missing mobile master gate (6.574961ms)
✔ fabricated ready Scene asset (4.569362ms)
✔ invalid calendar date (3.974332ms)
✔ reversed availability dates (3.695711ms)
✔ numeric floating speed instead of decimal string (2.500652ms)
✔ three-decimal speed violates 0.01 step (2.96127ms)
✔ proposed speed exceeds allowed 1.20 (2.749459ms)
✔ proposal band silently changed (3.840189ms)
✔ suggested yield invented (4.127934ms)
✔ proposed speed below 1.00 (3.164296ms)
✔ bps and decimal disagree (3.428071ms)
✔ grade contradicts speed band (2.997404ms)
✔ mining personality omitted (4.157018ms)
✔ approved value invented (4.306755ms)
✔ human policy gate disabled (5.419027ms)
✔ market price controls proposed economy (4.602362ms)
✔ product capacity override added (5.377805ms)
✔ per-slot global capacity replicated (5.630377ms)
✔ fractional won main display (4.046591ms)
✔ new speed above existing policy passed silently (3.836423ms)
✔ final cap increased (5.570026ms)
✔ intermediate cap applied (4.688762ms)
✔ micro unit altered (4.087894ms)
✔ missing one launch economy value (2.335463ms)
✔ money guarantee in member copy (3.942073ms)
✔ numeric payout invented in member copy (5.677689ms)
✔ market linked payout copy (7.199952ms)
✔ technical enum exposed to member (7.041882ms)
✔ positioning disclaimer removed (7.104477ms)
✔ linked FAQ not present (3.593896ms)
✔ delta collides with frozen internal slug (3.729612ms)
✔ delta collides with frozen storage slug (4.058389ms)
✔ empty content title (4.857898ms)
✔ empty content full body (4.161576ms)
✔ missing CTA (3.969595ms)
✔ fabricated product detail route (4.497243ms)
✔ invalid audience (3.881302ms)
✔ invalid mining segment (4.414888ms)
✔ required copy missing (3.749922ms)
✔ template variable not declared (3.725546ms)
✔ unapproved content financial value (3.780498ms)
✔ content published without receipt (3.528658ms)
✔ event ends before it starts (4.414918ms)
✔ in-app notification links outside protected allowlist (3.916655ms)
✔ uppercase notification category is not mapped (3.610792ms)
✔ push opt-in bypass (4.186533ms)
✔ invented member notification target (3.930896ms)
✔ support macro sends automatically (3.463178ms)
✔ missing a frozen event review (3.646266ms)
✔ drop deletes historical records (4.595541ms)
✔ unobserved external benchmark claimed complete (3.654538ms)
✔ registration ready without readback evidence (3.58955ms)
✔ production ready without approval (4.239334ms)
✔ catalog command invented (3.829573ms)
✔ direct SQL used to bypass command absence (3.802732ms)
✔ shared staging not owned by this lane (3.662941ms)
✔ fabricated readback PASS (4.696204ms)
✔ fake screenshot used as real registration proof (3.865647ms)
✔ fake rollback receipt (3.575569ms)
✔ simulated outputs edited after computation (3.391201ms)
✔ invented live selection distribution (3.534326ms)
✔ leap and invalid-calendar dates are distinguished (0.15214ms)
✔ decimal bps use exact 0.01 increments (0.347316ms)
✔ combined cap matches requested product user event example (0.081854ms)
✔ exact cap boundary and one bps below stay distinguishable (0.057787ms)
✔ final-only clamp preserves a later reduction modifier (0.093902ms)
✔ maximum proposed speed keeps exact calculable modifier headroom (0.250539ms)
✔ sub-micro carry survives until the third tick (0.17164ms)
✔ chunked accrual equals one interval without losing residue (0.119781ms)
✔ capacity cannot be exceeded by large elapsed time (0.101343ms)
✔ whole won display stays below the next verified 1-won boundary (0.154904ms)
✔ two slots share global capacity and cannot allocate more than 100% (0.194514ms)
✔ Policy A and B differ in capacity rather than silently changing reward rate (0.265772ms)
✔ rational arithmetic is exact beyond Number safe integer range (0.114734ms)
✔ invalid negative or zero inputs fail instead of producing money (0.139181ms)
✔ restored default draft remains valid after all isolated mutations (2.963513ms)
ℹ tests 108
ℹ suites 0
ℹ pass 108
ℹ fail 0
ℹ cancelled 0
ℹ skipped 0
ℹ todo 0
ℹ duration_ms 608.568251
