✔ current 25-product proposal validates with 14 real Tier references (141.165625ms)
✔ L1 immediately below threshold remains in previous Tier (0.27779ms)
✔ L1 exact threshold unlocks correct Tier (0.108223ms)
✔ L1 immediately above threshold stays in this Tier (0.107843ms)
✔ L2 immediately below threshold remains in previous Tier (0.077828ms)
✔ L2 exact threshold unlocks correct Tier (0.098298ms)
✔ L2 immediately above threshold stays in this Tier (0.063897ms)
✔ L3 immediately below threshold remains in previous Tier (0.081834ms)
✔ L3 exact threshold unlocks correct Tier (0.185581ms)
✔ L3 immediately above threshold stays in this Tier (0.142456ms)
✔ L4 immediately below threshold remains in previous Tier (0.188365ms)
✔ L4 exact threshold unlocks correct Tier (0.071759ms)
✔ L4 immediately above threshold stays in this Tier (0.04629ms)
✔ L5 immediately below threshold remains in previous Tier (0.038489ms)
✔ L5 exact threshold unlocks correct Tier (0.036264ms)
✔ L5 immediately above threshold stays in this Tier (0.042023ms)
✔ L6 immediately below threshold remains in previous Tier (0.033972ms)
✔ L6 exact threshold unlocks correct Tier (0.034011ms)
✔ L6 immediately above threshold stays in this Tier (0.070767ms)
✔ L7 immediately below threshold remains in previous Tier (0.070858ms)
✔ L7 exact threshold unlocks correct Tier (0.040632ms)
✔ L7 immediately above threshold stays in this Tier (0.038448ms)
✔ L8 immediately below threshold remains in previous Tier (0.066941ms)
✔ L8 exact threshold unlocks correct Tier (0.043356ms)
✔ L8 immediately above threshold stays in this Tier (0.060772ms)
✔ L9 immediately below threshold remains in previous Tier (0.094853ms)
✔ L9 exact threshold unlocks correct Tier (0.07252ms)
✔ L9 immediately above threshold stays in this Tier (0.078369ms)
✔ L10 immediately below threshold remains in previous Tier (0.041673ms)
✔ L10 exact threshold unlocks correct Tier (0.036425ms)
✔ L10 immediately above threshold stays in this Tier (0.033872ms)
✔ L11 immediately below threshold remains in previous Tier (0.150949ms)
✔ L11 exact threshold unlocks correct Tier (0.04012ms)
✔ L11 immediately above threshold stays in this Tier (0.076887ms)
✔ L12 immediately below threshold remains in previous Tier (0.041142ms)
✔ L12 exact threshold unlocks correct Tier (0.034011ms)
✔ L12 immediately above threshold stays in this Tier (0.074463ms)
✔ L13 immediately below threshold remains in previous Tier (0.043746ms)
✔ L13 exact threshold unlocks correct Tier (0.038338ms)
✔ L13 immediately above threshold stays in this Tier (0.032288ms)
✔ L14 immediately below threshold remains in previous Tier (0.030366ms)
✔ L14 exact threshold unlocks correct Tier (0.028182ms)
✔ L14 immediately above threshold stays in this Tier (0.029895ms)
✔ arbitrarily large integer principal remains exact at final unbounded Tier (0.443421ms)
✔ invalid and unknown tiers are rejected rather than treated as eligible (0.218641ms)
✔ non-contiguous SSOT intervals cannot resolve funding eligibility (0.229127ms)
✔ product unlock happens at its inherited threshold, not at a rounded amount (0.684105ms)
✔ available sets are monotone and all 14 levels add a product (0.280384ms)
✔ L1 has four choices and cannot select the highest-stage SpaceX proposal (0.100342ms)
✔ highest Tier has five equal-fastest choices with distinct scene personalities (0.169076ms)
✔ tier downgrade pauses ineligible selection and preserves all old state (0.180663ms)
✔ principal hold pauses even an eligible gold selection without reset (0.093712ms)
✔ hold release reevaluates forward and is not an automatic authorization (0.079691ms)
✔ safe mode wins over hold, pause and capacity-driven eligibility (0.156066ms)
✔ Tier slots restrict allocations without multiplying cycle capacity (0.253083ms)
✔ empty, duplicate and unknown selections never become authorization (0.192992ms)
✔ 1.10 recommended band retains moderate modifier headroom; 1.18 pressures final cap (0.200914ms)
✔ requested modifier stack is exact and clamped once at final 1.50 (0.104108ms)
✔ normalized days-to-cap uses exact rational arithmetic, with no KRW payout forecast (0.117638ms)
✔ speed-only ties do not fabricate actual member distribution (0.06582ms)
✔ each comparison band uses accessible sets per Tier instead of all 25 everywhere (0.087603ms)
✔ bands above existing 1.10 document require an explicit policy band change (0.058068ms)
✔ high proposed speeds never populate any approved field (0.119711ms)
✔ missing eligibility row (199.146433ms)
✔ duplicate eligibility row (176.958619ms)
✔ unknown Tier in product profile (172.032738ms)
✔ missing minimum Funding Tier (137.889439ms)
✔ raw KRW threshold in eligibility (124.063107ms)
✔ raw KRW threshold in catalog (142.942648ms)
✔ raw KRW threshold in economy (148.114161ms)
✔ derived principal replaced by copied threshold (134.20834ms)
✔ published document Tier threshold edited in proposal (120.878627ms)
✔ unproven live publication timestamp (136.166813ms)
✔ populated approved minimum Tier (134.371847ms)
✔ higher speed moved to entry Tier without reviewed rationale (120.235634ms)
✔ missing individual Tier rationale (123.329293ms)
✔ missing per-product downgrade behavior (120.073848ms)
✔ downgrade reset substituted for PAUSE (131.465526ms)
✔ principal HOLD behavior removed (137.266988ms)
✔ automatic substitute product on downgrade (116.100988ms)
✔ source carry history lost on downgrade (124.072788ms)
✔ product available despite effective HOLD (119.600623ms)
✔ eligibility available despite effective HOLD (119.608666ms)
✔ invalid unlock set (118.344168ms)
✔ technical Tier code in member copy (119.569385ms)
✔ extra funding solicitation in unlock copy (120.076964ms)
✔ Tier gate policy version omitted (132.804937ms)
✔ final cap headroom analysis omitted (117.673277ms)
✔ fake actual concentration (123.305307ms)
✔ unresolved identity promoted into P0 (132.111769ms)
✔ canonical ticker differs from actual SEC directory (121.616377ms)
✔ fabricated official quote does not occur in original bytes (121.519556ms)
✔ legacy UNKNOWN added to current research (121.114833ms)
✔ unapproved speed incorrectly activated (120.389977ms)
✔ non-inherited product capacity (136.790718ms)
✔ market linked economy value (118.195688ms)
✔ legal review omitted (122.146734ms)
✔ final cap raised to 1.60 (119.828513ms)
✔ above-document speed loses required band change acknowledgement (122.473589ms)
✔ fresh simulation reproduces the stored full Tier analysis (3.193751ms)
✔ all 55 current candidates use evidence-qualified identity states (867.270916ms)
✔ SEC actually identifies SPCX; missing share class stays partial (887.270155ms)
✔ lossless downloaded response hashes are validated, not URL-only evidence (872.978945ms)
✔ a successful Invesco QQQ response cannot verify ProShares TQQQ (732.702576ms)
✔ a real primary sponsor response resolves the AI investigation slot only partially (733.046829ms)
✔ current sponsor identity supersedes the historical VTI name hint (791.472276ms)
✔ a complete gated draft passes while research and registration remain blocked (10.840409ms)
✔ planned P0 can be researched later but UNKNOWN never becomes effective launch (7.690323ms)
✔ verified source bookkeeping requires a real response and fresh factual evidence (7.865579ms)
✔ duplicate proposal identity (7.41031ms)
✔ duplicate product slug (5.12988ms)
✔ duplicate market and ticker (4.596424ms)
✔ uncontracted asset class (4.965802ms)
✔ empty product identity hint (4.193794ms)
✔ invalid planned launch wave (4.978561ms)
✔ market linked product (5.098743ms)
✔ fake operator approval (5.293668ms)
✔ unreviewed brand clearance (5.082549ms)
✔ invented partnership claim (4.371974ms)
✔ unproven live catalog (5.191683ms)
✔ fabricated new database UUID (5.381972ms)
✔ candidate without a source (3.714619ms)
✔ verified identity without factual evidence (5.502144ms)
✔ UNKNOWN P0 effective candidate (6.202603ms)
✔ UNKNOWN P1 effective candidate (6.554476ms)
✔ SpaceX hint promoted to canonical ticker without checking (5.999856ms)
✔ unmeasured scoring sold as measurement (8.026282ms)
✔ ETF category contract omitted (7.144718ms)
✔ official source URL with credentials (7.173522ms)
✔ blocked source falsely verified (7.413355ms)
✔ stale fetched source cannot verify current listing (6.652203ms)
✔ future accessed date cannot verify source (6.280271ms)
✔ research completed without a verified response (5.390014ms)
✔ response hash invented without an obtained file (4.054945ms)
✔ launch missing a product entry (2.940217ms)
✔ duplicate display order (4.443091ms)
✔ unproven launch approval (5.023429ms)
✔ new product without Scene spec gate (4.31666ms)
✔ missing mobile master gate (3.891246ms)
✔ fabricated ready Scene asset (4.623174ms)
✔ invalid calendar date (3.746898ms)
✔ reversed availability dates (3.557231ms)
✔ numeric floating speed instead of decimal string (2.542767ms)
✔ three-decimal speed violates 0.01 step (3.192559ms)
✔ proposed speed exceeds allowed 1.20 (2.57842ms)
✔ proposal band silently changed (3.438581ms)
✔ suggested yield invented (3.837165ms)
✔ proposed speed below 1.00 (3.381725ms)
✔ bps and decimal disagree (2.47855ms)
✔ grade contradicts speed band (2.504569ms)
✔ mining personality omitted (3.529379ms)
✔ approved value invented (4.93147ms)
✔ human policy gate disabled (5.58658ms)
✔ market price controls proposed economy (3.904427ms)
✔ product capacity override added (3.756532ms)
✔ per-slot global capacity replicated (5.081917ms)
✔ fractional won main display (3.941653ms)
✔ new speed above existing policy passed silently (3.78123ms)
✔ final cap increased (5.114456ms)
✔ intermediate cap applied (4.022225ms)
✔ micro unit altered (5.053635ms)
✔ missing one launch economy value (3.29895ms)
✔ money guarantee in member copy (4.787252ms)
✔ numeric payout invented in member copy (6.024173ms)
✔ market linked payout copy (4.886422ms)
✔ technical enum exposed to member (4.851048ms)
✔ positioning disclaimer removed (4.872911ms)
✔ linked FAQ not present (4.258352ms)
✔ delta collides with frozen internal slug (3.640357ms)
✔ delta collides with frozen storage slug (3.776153ms)
✔ empty content title (4.545476ms)
✔ empty content full body (4.257941ms)
✔ missing CTA (4.150579ms)
✔ fabricated product detail route (4.59479ms)
✔ invalid audience (4.061023ms)
✔ invalid mining segment (3.640347ms)
✔ required copy missing (3.540366ms)
✔ template variable not declared (3.587117ms)
✔ unapproved content financial value (3.685114ms)
✔ content published without receipt (3.904797ms)
✔ event ends before it starts (4.868805ms)
✔ in-app notification links outside protected allowlist (3.672125ms)
✔ uppercase notification category is not mapped (3.601818ms)
✔ push opt-in bypass (3.765085ms)
✔ invented member notification target (3.799838ms)
✔ support macro sends automatically (3.596581ms)
✔ missing a frozen event review (3.685466ms)
✔ drop deletes historical records (4.639278ms)
✔ unobserved external benchmark claimed complete (3.58946ms)
✔ registration ready without readback evidence (3.700127ms)
✔ production ready without approval (3.720448ms)
✔ catalog command invented (4.454849ms)
✔ direct SQL used to bypass command absence (3.84694ms)
✔ shared staging not owned by this lane (3.579565ms)
✔ fabricated readback PASS (4.603924ms)
✔ fake screenshot used as real registration proof (3.86038ms)
✔ fake rollback receipt (3.702621ms)
✔ simulated outputs edited after computation (3.438741ms)
✔ invented live selection distribution (3.437811ms)
✔ leap and invalid-calendar dates are distinguished (0.088173ms)
✔ decimal bps use exact 0.01 increments (0.256829ms)
✔ combined cap matches requested product user event example (0.064708ms)
✔ exact cap boundary and one bps below stay distinguishable (0.05326ms)
✔ final-only clamp preserves a later reduction modifier (0.107272ms)
✔ maximum proposed speed keeps exact calculable modifier headroom (0.294255ms)
✔ sub-micro carry survives until the third tick (0.174745ms)
✔ chunked accrual equals one interval without losing residue (0.122555ms)
✔ capacity cannot be exceeded by large elapsed time (0.087673ms)
✔ whole won display stays below the next verified 1-won boundary (0.075544ms)
✔ two slots share global capacity and cannot allocate more than 100% (0.177689ms)
✔ Policy A and B differ in capacity rather than silently changing reward rate (0.17191ms)
✔ rational arithmetic is exact beyond Number safe integer range (0.124618ms)
✔ invalid negative or zero inputs fail instead of producing money (0.183828ms)
✔ restored default draft remains valid after all isolated mutations (2.533894ms)
ℹ tests 214
ℹ suites 0
ℹ pass 214
ℹ fail 0
ℹ cancelled 0
ℹ skipped 0
ℹ todo 0
ℹ duration_ms 5715.278982
