✔ all 55 current candidates use evidence-qualified identity states (78.23965ms)
✔ SEC actually identifies SPCX; missing share class stays partial (57.352945ms)
✔ lossless downloaded response hashes are validated, not URL-only evidence (61.482011ms)
✔ a successful Invesco QQQ response cannot verify ProShares TQQQ (49.013701ms)
✔ a real primary sponsor response resolves the AI investigation slot only partially (58.976722ms)
✔ current sponsor identity supersedes the historical VTI name hint (54.226907ms)
✔ a complete gated draft passes while research and registration remain blocked (15.731446ms)
✔ planned P0 can be researched later but UNKNOWN never becomes effective launch (6.423106ms)
✔ verified source bookkeeping requires a real response and fresh factual evidence (6.11532ms)
✔ duplicate proposal identity (6.167129ms)
✔ duplicate product slug (4.603073ms)
✔ duplicate market and ticker (4.815815ms)
✔ uncontracted asset class (10.491089ms)
✔ empty product identity hint (4.822605ms)
✔ invalid planned launch wave (5.173356ms)
✔ market linked product (7.140551ms)
✔ fake operator approval (4.178511ms)
✔ unreviewed brand clearance (4.384322ms)
✔ invented partnership claim (6.991055ms)
✔ unproven live catalog (4.364462ms)
✔ fabricated new database UUID (3.86086ms)
✔ candidate without a source (4.420747ms)
✔ verified identity without factual evidence (3.732816ms)
✔ UNKNOWN P0 effective candidate (4.25786ms)
✔ UNKNOWN P1 effective candidate (4.691877ms)
✔ SpaceX hint promoted to canonical ticker without checking (4.163728ms)
✔ unmeasured scoring sold as measurement (3.810413ms)
✔ ETF category contract omitted (4.97147ms)
✔ official source URL with credentials (3.863033ms)
✔ blocked source falsely verified (4.003336ms)
✔ stale fetched source cannot verify current listing (4.255968ms)
✔ future accessed date cannot verify source (3.822492ms)
✔ research completed without a verified response (4.230299ms)
✔ response hash invented without an obtained file (4.798559ms)
✔ launch missing a product entry (2.613283ms)
✔ duplicate display order (4.228406ms)
✔ unproven launch approval (3.836063ms)
✔ new product without Scene spec gate (4.691006ms)
✔ missing mobile master gate (4.281105ms)
✔ fabricated ready Scene asset (3.872007ms)
✔ invalid calendar date (4.683735ms)
✔ reversed availability dates (3.744634ms)
✔ numeric floating speed instead of decimal string (2.894949ms)
✔ three-decimal speed violates 0.01 step (2.639523ms)
✔ proposed speed exceeds allowed 1.20 (2.575295ms)
✔ proposal band silently changed (4.036676ms)
✔ suggested yield invented (4.148576ms)
✔ proposed speed below 1.00 (2.418248ms)
✔ bps and decimal disagree (2.538269ms)
✔ grade contradicts speed band (3.686847ms)
✔ mining personality omitted (3.700928ms)
✔ approved value invented (3.86745ms)
✔ human policy gate disabled (3.804835ms)
✔ market price controls proposed economy (4.104669ms)
✔ product capacity override added (4.035625ms)
✔ per-slot global capacity replicated (3.811425ms)
✔ fractional won main display (4.786661ms)
✔ new speed above existing policy passed silently (4.072671ms)
✔ final cap increased (3.72247ms)
✔ intermediate cap applied (3.869113ms)
✔ micro unit altered (4.43625ms)
✔ missing one launch economy value (2.904593ms)
✔ money guarantee in member copy (4.203508ms)
✔ numeric payout invented in member copy (4.994024ms)
✔ market linked payout copy (3.867521ms)
✔ technical enum exposed to member (3.687197ms)
✔ positioning disclaimer removed (3.791155ms)
✔ linked FAQ not present (4.627359ms)
✔ delta collides with frozen internal slug (4.23774ms)
✔ delta collides with frozen storage slug (4.359966ms)
✔ empty content title (5.017841ms)
✔ empty content full body (4.502711ms)
✔ missing CTA (6.08899ms)
✔ fabricated product detail route (4.0852ms)
✔ invalid audience (5.855938ms)
✔ invalid mining segment (3.614067ms)
✔ required copy missing (3.51073ms)
✔ template variable not declared (4.181626ms)
✔ unapproved content financial value (3.780188ms)
✔ content published without receipt (3.666627ms)
✔ event ends before it starts (3.553485ms)
✔ in-app notification links outside protected allowlist (3.665806ms)
✔ uppercase notification category is not mapped (3.590061ms)
✔ push opt-in bypass (3.475016ms)
✔ invented member notification target (4.234234ms)
✔ support macro sends automatically (3.818626ms)
✔ missing a frozen event review (3.726367ms)
✔ drop deletes historical records (3.568638ms)
✔ unobserved external benchmark claimed complete (4.087353ms)
✔ registration ready without readback evidence (3.487074ms)
✔ production ready without approval (3.640427ms)
✔ catalog command invented (4.430442ms)
✔ direct SQL used to bypass command absence (3.861081ms)
✔ shared staging not owned by this lane (3.459874ms)
✔ fabricated readback PASS (3.42463ms)
✔ fake screenshot used as real registration proof (3.548447ms)
✔ fake rollback receipt (3.64266ms)
✔ simulated outputs edited after computation (4.160453ms)
✔ invented live selection distribution (4.46215ms)
✔ leap and invalid-calendar dates are distinguished (0.121974ms)
✔ decimal bps use exact 0.01 increments (0.342318ms)
✔ combined cap matches requested product user event example (0.069395ms)
✔ exact cap boundary and one bps below stay distinguishable (0.053952ms)
✔ final-only clamp preserves a later reduction modifier (0.076856ms)
✔ maximum proposed speed keeps exact calculable modifier headroom (0.175906ms)
✔ sub-micro carry survives until the third tick (0.15844ms)
✔ chunked accrual equals one interval without losing residue (0.118259ms)
✔ capacity cannot be exceeded by large elapsed time (0.076676ms)
✔ whole won display stays below the next verified 1-won boundary (0.087252ms)
✔ two slots share global capacity and cannot allocate more than 100% (0.106742ms)
✔ Policy A and B differ in capacity rather than silently changing reward rate (0.178711ms)
✔ rational arithmetic is exact beyond Number safe integer range (0.121263ms)
✔ invalid negative or zero inputs fail instead of producing money (0.137999ms)
✔ restored default draft remains valid after all isolated mutations (2.491869ms)
ℹ tests 114
ℹ suites 0
ℹ pass 114
ℹ fail 0
ℹ cancelled 0
ℹ skipped 0
ℹ todo 0
ℹ duration_ms 551.939414
